AUDIT VERIFICATION FULL LOG
===========================
Total Enriched Tokens: 105
Line 453: 'langit' | O -> B-AstronomicalBody
Line 581: 'langit' | O -> B-AstronomicalBody
Line 594: 'langit' | O -> B-AstronomicalBody
Line 957: 'langit' | O -> B-AstronomicalBody
Line 964: 'langit' | O -> B-AstronomicalBody
Line 1141: 'langit' | O -> B-AstronomicalBody
Line 2052: 'langit' | O -> B-AstronomicalBody
Line 2183: 'putih' | O -> B-Color
Line 4357: 'Ahlulkitab' | O -> B-Person
Line 4441: 'langit' | O -> B-AstronomicalBody
Line 4503: 'Ahlulkitab' | O -> B-Person
Line 4852: 'langit' | O -> B-AstronomicalBody
Line 4867: 'langit' | O -> B-AstronomicalBody
Line 6245: 'langit' | O -> B-AstronomicalBody
Line 7026: 'langit' | O -> B-AstronomicalBody
Line 7054: 'langit' | O -> B-AstronomicalBody
Line 7086: 'langit' | O -> B-AstronomicalBody
Line 8048: 'bulan' | O -> B-AstronomicalBody
Line 8094: 'bulan' | O -> B-AstronomicalBody
Line 8270: 'putih' | O -> B-Color
Line 8273: 'hitam' | O -> B-Color
Line 8386: 'bulan' | O -> B-AstronomicalBody
Line 10397: 'bulan' | O -> B-AstronomicalBody
Line 12392: 'langit' | O -> B-AstronomicalBody
Line 12453: 'langit' | O -> B-AstronomicalBody
Line 12626: 'yang' | O -> B-Allah
Line 12627: 'menghidupkan' | O -> I-Allah
Line 12628: 'dan' | O -> I-Allah
Line 12629: 'mematikan' | O -> I-Allah
Line 14428: 'langit' | O -> B-AstronomicalBody
Line 14803: 'langit' | O -> B-AstronomicalBody
Line 15915: 'langit' | O -> B-AstronomicalBody
Line 17369: 'Ahlulkitab' | O -> B-Person
Line 17446: 'Ahlulkitab' | O -> B-Person
Line 17578: 'Ahlulkitab' | O -> B-Person
Line 17645: 'Ahlulkitab' | O -> B-Person
Line 17789: 'Ahlulkitab' | O -> B-Person
Line 18220: 'langit' | O -> B-AstronomicalBody
Line 18754: 'Ahlulkitab' | O -> B-Person
Line 19106: 'putih' | O -> B-Color
Line 19151: 'langit' | O -> B-AstronomicalBody
Line 19342: 'Ahlulkitab' | O -> B-Person
Line 19835: 'langit' | O -> B-AstronomicalBody
Line 19966: 'langit' | O -> B-AstronomicalBody
Line 20058: 'langit' | O -> B-AstronomicalBody
Line 22296: 'langit' | O -> B-AstronomicalBody
Line 22435: 'langit' | O -> B-AstronomicalBody
Line 22752: 'langit' | O -> B-AstronomicalBody
Line 22767: 'langit' | O -> B-AstronomicalBody
Line 22807: 'langit' | O -> B-AstronomicalBody
Line 29853: 'Ahlulkitab' | O -> B-Person
Line 29955: 'langit' | O -> B-AstronomicalBody
Line 30225: 'langit' | O -> B-AstronomicalBody
Line 30278: 'langit' | O -> B-AstronomicalBody
Line 30301: 'langit' | O -> B-AstronomicalBody
Line 31195: 'langit' | O -> B-AstronomicalBody
Line 31552: 'Ahlulkitab' | O -> B-Person
Line 32027: 'langit' | O -> B-AstronomicalBody
Line 32155: 'langit' | O -> B-AstronomicalBody
Line 32916: 'Ahlulkitab' | O -> B-Person
Line 33697: 'langit' | O -> B-AstronomicalBody
Line 33794: 'langit' | O -> B-AstronomicalBody
Line 34314: 'Tuhan' | O -> B-Allah
Line 34315: 'semesta' | O -> I-Allah
Line 34316: 'alam' | O -> I-Allah
Line 34794: 'langit' | O -> B-AstronomicalBody
Line 36137: 'Ahlulkitab' | O -> B-Person
Line 36188: 'Ahlulkitab' | O -> B-Person
Line 36508: 'Ahlulkitab' | O -> B-Person
Line 36961: 'Ahlulkitab' | O -> B-Person
Line 38017: 'langit' | O -> B-AstronomicalBody
Line 39291: 'langit' | O -> B-AstronomicalBody
Line 39317: 'langit' | O -> B-AstronomicalBody
Line 39390: 'langit' | O -> B-AstronomicalBody
Line 39722: 'langit' | O -> B-AstronomicalBody
Line 39809: 'langit' | O -> B-AstronomicalBody
Line 40647: 'langit' | O -> B-AstronomicalBody
Line 41121: 'Tuhan' | O -> B-Allah
Line 41122: 'semesta' | O -> I-Allah
Line 41123: 'alam' | O -> I-Allah
Line 42479: 'Tuhan' | O -> B-Allah
Line 42480: 'semesta' | O -> I-Allah
Line 42481: 'alam' | O -> I-Allah
Line 42507: 'langit' | O -> B-AstronomicalBody
Line 42619: 'langit' | O -> B-AstronomicalBody
Line 42784: 'langit' | O -> B-AstronomicalBody
Line 43768: 'langit' | O -> B-AstronomicalBody
Line 43922: 'langit' | O -> B-AstronomicalBody
Line 44096: 'Ahlulkitab' | O -> B-Person
Line 45019: 'langit' | O -> B-AstronomicalBody
Line 48714: 'langit' | O -> B-AstronomicalBody
Line 49409: 'langit' | O -> B-AstronomicalBody
Line 49465: 'Tuhan' | O -> B-Allah
Line 49466: 'semesta' | O -> I-Allah
Line 49467: 'alam' | O -> I-Allah
Line 49736: 'Tuhan' | O -> B-Allah
Line 49737: 'semesta' | O -> I-Allah
Line 49738: 'alam' | O -> I-Allah
Line 49940: 'Tuhan' | O -> B-Allah
Line 49941: 'semesta' | O -> I-Allah
Line 49942: 'alam' | O -> I-Allah
Line 51200: 'langit' | O -> B-AstronomicalBody
Line 51486: 'Tuhan' | O -> B-Allah
Line 51487: 'semesta' | O -> I-Allah
Line 51488: 'alam' | O -> I-Allah
