====================================================================
LOG AUDIT PENGAYAAN INDQNER TRAIN.TXT DENGAN MENTION INDQEL
====================================================================

Total Span Entitas Baru Diperkaya        : 88
Total Token Diperkaya (dari 'O' ke Label): 105
Total Mention Sudah Berlabel (Preserved) : 1782
Total Konflik Parsial (Preserved)        : 0
Total di Luar Rentang Split train.txt    : 223

--- RINCIAN SETIAP SPAN YANG DIPERKAYA ---
[ENRICHED] Surah 2:19 | Token #452 | Text: 'langit' | Tags: ['O'] -> ['B-AstronomicalBody']
[ENRICHED] Surah 2:22 | Token #593 | Text: 'langit' | Tags: ['O'] -> ['B-AstronomicalBody']
[ENRICHED] Surah 2:22 | Token #580 | Text: 'langit' | Tags: ['O'] -> ['B-AstronomicalBody']
[ENRICHED] Surah 2:33 | Token #1140 | Text: 'langit' | Tags: ['O'] -> ['B-AstronomicalBody']
[ENRICHED] Surah 2:59 | Token #2051 | Text: 'langit' | Tags: ['O'] -> ['B-AstronomicalBody']
[ENRICHED] Surah 2:61 | Token #2182 | Text: 'putih' | Tags: ['O'] -> ['B-Color']
[ENRICHED] Surah 2:105 | Token #4356 | Text: 'Ahlulkitab' | Tags: ['O'] -> ['B-Person']
[ENRICHED] Surah 2:107 | Token #4440 | Text: 'langit' | Tags: ['O'] -> ['B-AstronomicalBody']
[ENRICHED] Surah 2:109 | Token #4502 | Text: 'Ahlulkitab' | Tags: ['O'] -> ['B-Person']
[ENRICHED] Surah 2:116 | Token #4851 | Text: 'langit' | Tags: ['O'] -> ['B-AstronomicalBody']
[ENRICHED] Surah 2:117 | Token #4866 | Text: 'langit' | Tags: ['O'] -> ['B-AstronomicalBody']
[ENRICHED] Surah 2:144 | Token #6244 | Text: 'langit' | Tags: ['O'] -> ['B-AstronomicalBody']
[ENRICHED] Surah 2:185 | Token #8093 | Text: 'bulan' | Tags: ['O'] -> ['B-AstronomicalBody']
[ENRICHED] Surah 2:185 | Token #8047 | Text: 'bulan' | Tags: ['O'] -> ['B-AstronomicalBody']
[ENRICHED] Surah 2:187 | Token #8269 | Text: 'putih' | Tags: ['O'] -> ['B-Color']
[ENRICHED] Surah 2:187 | Token #8272 | Text: 'hitam' | Tags: ['O'] -> ['B-Color']
[ENRICHED] Surah 2:189 | Token #8385 | Text: 'bulan' | Tags: ['O'] -> ['B-AstronomicalBody']
[ENRICHED] Surah 2:226 | Token #10396 | Text: 'bulan' | Tags: ['O'] -> ['B-AstronomicalBody']
[ENRICHED] Surah 2:255 | Token #12391 | Text: 'langit' | Tags: ['O'] -> ['B-AstronomicalBody']
[ENRICHED] Surah 2:255 | Token #12452 | Text: 'langit' | Tags: ['O'] -> ['B-AstronomicalBody']
[ENRICHED] Surah 2:258 | Token #12625 | Text: 'yang menghidupkan dan mematikan' | Tags: ['O', 'O', 'O', 'O'] -> ['B-Allah', 'I-Allah', 'I-Allah', 'I-Allah']
[ENRICHED] Surah 2:284 | Token #14427 | Text: 'langit' | Tags: ['O'] -> ['B-AstronomicalBody']
[ENRICHED] Surah 3:5 | Token #14802 | Text: 'langit' | Tags: ['O'] -> ['B-AstronomicalBody']
[ENRICHED] Surah 3:29 | Token #15914 | Text: 'langit' | Tags: ['O'] -> ['B-AstronomicalBody']
[ENRICHED] Surah 3:64 | Token #17368 | Text: 'Ahlulkitab' | Tags: ['O'] -> ['B-Person']
[ENRICHED] Surah 3:65 | Token #17445 | Text: 'Ahlulkitab' | Tags: ['O'] -> ['B-Person']
[ENRICHED] Surah 3:69 | Token #17577 | Text: 'Ahlulkitab' | Tags: ['O'] -> ['B-Person']
[ENRICHED] Surah 3:72 | Token #17644 | Text: 'Ahlulkitab' | Tags: ['O'] -> ['B-Person']
[ENRICHED] Surah 3:75 | Token #17788 | Text: 'Ahlulkitab' | Tags: ['O'] -> ['B-Person']
[ENRICHED] Surah 3:83 | Token #18219 | Text: 'langit' | Tags: ['O'] -> ['B-AstronomicalBody']
[ENRICHED] Surah 3:98 | Token #18753 | Text: 'Ahlulkitab' | Tags: ['O'] -> ['B-Person']
[ENRICHED] Surah 3:107 | Token #19105 | Text: 'putih' | Tags: ['O'] -> ['B-Color']
[ENRICHED] Surah 3:109 | Token #19150 | Text: 'langit' | Tags: ['O'] -> ['B-AstronomicalBody']
[ENRICHED] Surah 3:113 | Token #19341 | Text: 'Ahlulkitab' | Tags: ['O'] -> ['B-Person']
[ENRICHED] Surah 3:124 | Token #19834 | Text: 'langit' | Tags: ['O'] -> ['B-AstronomicalBody']
[ENRICHED] Surah 3:129 | Token #19965 | Text: 'langit' | Tags: ['O'] -> ['B-AstronomicalBody']
[ENRICHED] Surah 3:133 | Token #20057 | Text: 'langit' | Tags: ['O'] -> ['B-AstronomicalBody']
[ENRICHED] Surah 3:183 | Token #22434 | Text: 'langit' | Tags: ['O'] -> ['B-AstronomicalBody']
[ENRICHED] Surah 3:189 | Token #34793 | Text: 'langit' | Tags: ['O'] -> ['B-AstronomicalBody']
[ENRICHED] Surah 3:190 | Token #22766 | Text: 'langit' | Tags: ['O'] -> ['B-AstronomicalBody']
[ENRICHED] Surah 3:191 | Token #22806 | Text: 'langit' | Tags: ['O'] -> ['B-AstronomicalBody']
[ENRICHED] Surah 4:123 | Token #29852 | Text: 'Ahlulkitab' | Tags: ['O'] -> ['B-Person']
[ENRICHED] Surah 4:131 | Token #30224 | Text: 'langit' | Tags: ['O'] -> ['B-AstronomicalBody']
[ENRICHED] Surah 4:131 | Token #30277 | Text: 'langit' | Tags: ['O'] -> ['B-AstronomicalBody']
[ENRICHED] Surah 4:153 | Token #31194 | Text: 'langit' | Tags: ['O'] -> ['B-AstronomicalBody']
[ENRICHED] Surah 4:159 | Token #31551 | Text: 'Ahlulkitab' | Tags: ['O'] -> ['B-Person']
[ENRICHED] Surah 4:170 | Token #32026 | Text: 'langit' | Tags: ['O'] -> ['B-AstronomicalBody']
[ENRICHED] Surah 5:5 | Token #32915 | Text: 'Ahlulkitab' | Tags: ['O'] -> ['B-Person']
[ENRICHED] Surah 5:17 | Token #33696 | Text: 'langit' | Tags: ['O'] -> ['B-AstronomicalBody']
[ENRICHED] Surah 5:18 | Token #33793 | Text: 'langit' | Tags: ['O'] -> ['B-AstronomicalBody']
[ENRICHED] Surah 5:28 | Token #34313 | Text: 'Tuhan semesta alam' | Tags: ['O', 'O', 'O'] -> ['B-Allah', 'I-Allah', 'I-Allah']
[ENRICHED] Surah 5:40 | Token #22751 | Text: 'langit' | Tags: ['O'] -> ['B-AstronomicalBody']
[ENRICHED] Surah 5:61 | Token #36136 | Text: 'Ahlulkitab' | Tags: ['O'] -> ['B-Person']
[ENRICHED] Surah 5:62 | Token #36187 | Text: 'Ahlulkitab' | Tags: ['O'] -> ['B-Person']
[ENRICHED] Surah 5:68 | Token #36507 | Text: 'Ahlulkitab' | Tags: ['O'] -> ['B-Person']
[ENRICHED] Surah 5:77 | Token #36960 | Text: 'Ahlulkitab' | Tags: ['O'] -> ['B-Person']
[ENRICHED] Surah 5:97 | Token #38016 | Text: 'langit' | Tags: ['O'] -> ['B-AstronomicalBody']
[ENRICHED] Surah 5:120 | Token #39290 | Text: 'langit' | Tags: ['O'] -> ['B-AstronomicalBody']
[ENRICHED] Surah 6:1 | Token #39316 | Text: 'langit' | Tags: ['O'] -> ['B-AstronomicalBody']
[ENRICHED] Surah 6:3 | Token #39389 | Text: 'langit' | Tags: ['O'] -> ['B-AstronomicalBody']
[ENRICHED] Surah 6:12 | Token #39721 | Text: 'langit' | Tags: ['O'] -> ['B-AstronomicalBody']
[ENRICHED] Surah 6:14 | Token #39808 | Text: 'langit' | Tags: ['O'] -> ['B-AstronomicalBody']
[ENRICHED] Surah 6:35 | Token #40646 | Text: 'langit' | Tags: ['O'] -> ['B-AstronomicalBody']
[ENRICHED] Surah 6:71 | Token #42478 | Text: 'Tuhan semesta alam' | Tags: ['O', 'O', 'O'] -> ['B-Allah', 'I-Allah', 'I-Allah']
[ENRICHED] Surah 6:73 | Token #42506 | Text: 'langit' | Tags: ['O'] -> ['B-AstronomicalBody']
[ENRICHED] Surah 6:75 | Token #42618 | Text: 'langit' | Tags: ['O'] -> ['B-AstronomicalBody']
[ENRICHED] Surah 6:99 | Token #43767 | Text: 'langit' | Tags: ['O'] -> ['B-AstronomicalBody']
[ENRICHED] Surah 6:101 | Token #43921 | Text: 'langit' | Tags: ['O'] -> ['B-AstronomicalBody']
[ENRICHED] Surah 6:105 | Token #44095 | Text: 'Ahlulkitab' | Tags: ['O'] -> ['B-Person']
[ENRICHED] Surah 6:125 | Token #45018 | Text: 'langit' | Tags: ['O'] -> ['B-AstronomicalBody']
[ENRICHED] Surah 7:54 | Token #49408 | Text: 'langit' | Tags: ['O'] -> ['B-AstronomicalBody']
[ENRICHED] Surah 7:54 | Token #49464 | Text: 'Tuhan semesta alam' | Tags: ['O', 'O', 'O'] -> ['B-Allah', 'I-Allah', 'I-Allah']
[ENRICHED] Surah 7:61 | Token #49735 | Text: 'Tuhan semesta alam' | Tags: ['O', 'O', 'O'] -> ['B-Allah', 'I-Allah', 'I-Allah']
[ENRICHED] Surah 7:96 | Token #51199 | Text: 'langit' | Tags: ['O'] -> ['B-AstronomicalBody']
[ENRICHED] Surah 7:104 | Token #51485 | Text: 'Tuhan semesta alam' | Tags: ['O', 'O', 'O'] -> ['B-Allah', 'I-Allah', 'I-Allah']
[ENRICHED] Surah 7:162 | Token #48713 | Text: 'langit' | Tags: ['O'] -> ['B-AstronomicalBody']
[ENRICHED] Surah 7:185 | Token #22295 | Text: 'langit' | Tags: ['O'] -> ['B-AstronomicalBody']
[ENRICHED] Surah 10:3 | Token #956 | Text: 'langit' | Tags: ['O'] -> ['B-AstronomicalBody']
[ENRICHED] Surah 10:10 | Token #41120 | Text: 'Tuhan semesta alam' | Tags: ['O', 'O', 'O'] -> ['B-Allah', 'I-Allah', 'I-Allah']
[ENRICHED] Surah 10:18 | Token #7025 | Text: 'langit' | Tags: ['O'] -> ['B-AstronomicalBody']
[ENRICHED] Surah 10:37 | Token #49939 | Text: 'Tuhan semesta alam' | Tags: ['O', 'O', 'O'] -> ['B-Allah', 'I-Allah', 'I-Allah']
[ENRICHED] Surah 10:55 | Token #32154 | Text: 'langit' | Tags: ['O'] -> ['B-AstronomicalBody']
[ENRICHED] Surah 10:66 | Token #29954 | Text: 'langit' | Tags: ['O'] -> ['B-AstronomicalBody']
[ENRICHED] Surah 10:68 | Token #963 | Text: 'langit' | Tags: ['O'] -> ['B-AstronomicalBody']
[ENRICHED] Surah 16:3 | Token #42783 | Text: 'langit' | Tags: ['O'] -> ['B-AstronomicalBody']
[ENRICHED] Surah 16:10 | Token #7053 | Text: 'langit' | Tags: ['O'] -> ['B-AstronomicalBody']
[ENRICHED] Surah 16:49 | Token #30300 | Text: 'langit' | Tags: ['O'] -> ['B-AstronomicalBody']
[ENRICHED] Surah 16:52 | Token #7085 | Text: 'langit' | Tags: ['O'] -> ['B-AstronomicalBody']